// Jest Snapshot v1, https://goo.gl/fbAQLP

exports[`Paging snapshot 1`] = `
Array [
  <WithStyles(Button)
    key="0"
    onClick="p"
  >
    Previous
  </WithStyles(Button)>,
  <WithStyles(Button)
    color="primary"
    key="1"
    onClick={1}
  >
    1
  </WithStyles(Button)>,
  <WithStyles(Button)
    color="primary"
    key="2"
    onClick={2}
  >
    2
  </WithStyles(Button)>,
  <span
    key="3"
  >
     ... 
  </span>,
  <WithStyles(Button)
    color="primary"
    key="4"
    onClick={4}
  >
    4
  </WithStyles(Button)>,
  <WithStyles(Button)
    color="secondary"
    key="5"
    onClick={null}
  >
    5
  </WithStyles(Button)>,
  <WithStyles(Button)
    color="primary"
    key="6"
    onClick={6}
  >
    6
  </WithStyles(Button)>,
  <span
    key="7"
  >
     ... 
  </span>,
  <WithStyles(Button)
    color="primary"
    key="9"
    onClick={9}
  >
    9
  </WithStyles(Button)>,
  <WithStyles(Button)
    color="primary"
    key="10"
    onClick={10}
  >
    10
  </WithStyles(Button)>,
  <WithStyles(Button)
    key="11"
    onClick="n"
  >
    Next
  </WithStyles(Button)>,
]
`;
